// Jest Snapshot v1, https://goo.gl/fbAQLP

exports[`Paragraph compact renders 1`] = `
<p
  className="AptoParagraph AptoParagraph--compact"
/>
`;

exports[`Paragraph renders 1`] = `
<p
  className="AptoParagraph"
/>
`;
