// Jest Snapshot v1, https://goo.gl/fbAQLP

exports[`AptoTextArea matches snapshot 1`] = `
<DocumentFragment>
  <textarea
    rows="3"
  />
</DocumentFragment>
`;
