// Jest Snapshot v1, https://goo.gl/fbAQLP

exports[`AptoSelect matches snapshot 1`] = `
<DocumentFragment>
  <div
    aria-expanded="false"
    class="ui selection dropdown"
    role="listbox"
    tabindex="0"
  >
    <div
      aria-live="polite"
      class="default text"
      role="alert"
    >
      Select a Person
    </div>
    <i
      aria-hidden="true"
      class="dropdown icon"
    />
    <div
      class="menu transition"
    >
      <div
        aria-checked="false"
        aria-selected="true"
        class="selected item"
        role="option"
        style="pointer-events: all;"
      />
    </div>
  </div>
</DocumentFragment>
`;
